=== Device boot ===
4(device4_intouch.log): 2013-10-02 18:42:38 Boot Start
**** Incomplete boot ****

=== Device boot ===
747(device4_intouch.log): 2013-10-03 12:23:21 Boot Start
**** Incomplete boot ****

=== Device boot ===
1459(device4_intouch.log): 2013-10-04 16:20:03 Boot Start
**** Incomplete boot ****

=== Device boot ===
31848(device4_intouch.log): 2013-12-03 16:21:13 Boot Start
**** Incomplete boot ****

=== Device boot ===
32789(device4_intouch.log): 2013-12-04 21:50:27 Boot Start
**** Incomplete boot ****

=== Device boot ===
33145(device4_intouch.log): 2013-12-04 21:58:45 Boot Start
**** Incomplete boot ****

=== Device boot ===
33677(device4_intouch.log): 2013-12-04 22:21:03 Boot Start
**** Incomplete boot ****

=== Device boot ===
45295(device4_intouch.log): 2013-12-05 13:34:25 Boot Start
**** Incomplete boot ****

=== Device boot ===
45615(device4_intouch.log): 2013-12-05 14:12:25 Boot Start
**** Incomplete boot ****

=== Device boot ===
46117(device4_intouch.log): 2013-12-05 15:39:02 Boot Start
**** Incomplete boot ****

=== Device boot ===
46357(device4_intouch.log): 2013-12-05 20:20:24 Boot Start
**** Incomplete boot ****

=== Device boot ===
46792(device4_intouch.log): 2013-12-10 13:20:43 Boot Start
**** Incomplete boot ****

=== Device boot ===
47700(device4_intouch.log): 2013-12-10 19:40:58 Boot Start
**** Incomplete boot ****

=== Device boot ===
48100(device4_intouch.log): 2013-12-11 14:09:11 Boot Start
**** Incomplete boot ****

=== Device boot ===
48345(device4_intouch.log): 2013-12-11 14:17:49 Boot Start
